// Jest Snapshot v1, https://goo.gl/fbAQLP

exports[`Calculator button renders correctly 1`] = `
<button
  className="class"
  id="1"
  onClick={[Function]}
  type="button"
>
  1
</button>
`;
